Command line invocation:
    /Applications/Xcode.app/Contents/Developer/usr/bin/xcodebuild -project NewsReader.xcodeproj -scheme NewsReader -sdk iphonesimulator build

Build settings from command line:
    SDKROOT = iphonesimulator26.2

--- xcodebuild: WARNING: Using the first of multiple matching destinations:
{ platform:iOS Simulator, id:dvtdevice-DVTiOSDeviceSimulatorPlaceholder-iphonesimulator:placeholder, name:Any iOS Simulator Device }
{ platform:iOS Simulator, arch:arm64, id:66EAB440-76C3-4AC7-BEB3-24B6336BE96A, OS:18.2, name:iPad (10th generation) }
{ platform:iOS Simulator, arch:x86_64, id:66EAB440-76C3-4AC7-BEB3-24B6336BE96A, OS:18.2, name:iPad (10th generation) }
{ platform:iOS Simulator, arch:arm64, id:0BEC8BC8-E4B9-46CE-A90C-BEA5FAB29985, OS:18.6, name:iPad (A16) }
{ platform:iOS Simulator, arch:x86_64, id:0BEC8BC8-E4B9-46CE-A90C-BEA5FAB29985, OS:18.6, name:iPad (A16) }
{ platform:iOS Simulator, arch:arm64, id:01676966-14DA-49CF-944A-4C6BE506BAC7, OS:26.2, name:iPad (A16) }
{ platform:iOS Simulator, arch:arm64, id:55B76E7C-C222-426D-B9CD-0A2BD3DE12F2, OS:18.2, name:iPad Air 11-inch (M2) }
{ platform:iOS Simulator, arch:x86_64, id:55B76E7C-C222-426D-B9CD-0A2BD3DE12F2, OS:18.2, name:iPad Air 11-inch (M2) }
{ platform:iOS Simulator, arch:arm64, id:4A2DB922-CD46-444B-BCFE-A62A1F4040F5, OS:18.6, name:iPad Air 11-inch (M3) }
{ platform:iOS Simulator, arch:x86_64, id:4A2DB922-CD46-444B-BCFE-A62A1F4040F5, OS:18.6, name:iPad Air 11-inch (M3) }
{ platform:iOS Simulator, arch:arm64, id:374DE1DB-F139-44CD-B1DC-F63F01354EBC, OS:26.2, name:iPad Air 11-inch (M3) }
{ platform:iOS Simulator, arch:arm64, id:77FE2BE6-85F6-4108-B11F-8A9EDF62C077, OS:18.2, name:iPad Air 13-inch (M2) }
{ platform:iOS Simulator, arch:x86_64, id:77FE2BE6-85F6-4108-B11F-8A9EDF62C077, OS:18.2, name:iPad Air 13-inch (M2) }
{ platform:iOS Simulator, arch:arm64, id:1D5DBC4C-1B56-4920-8079-7DBFA3D806C7, OS:18.6, name:iPad Air 13-inch (M3) }
{ platform:iOS Simulator, arch:x86_64, id:1D5DBC4C-1B56-4920-8079-7DBFA3D806C7, OS:18.6, name:iPad Air 13-inch (M3) }
{ platform:iOS Simulator, arch:arm64, id:C3AA8933-9447-4761-9D77-784576F3BB12, OS:26.2, name:iPad Air 13-inch (M3) }
{ platform:iOS Simulator, arch:arm64, id:1BBA7533-B155-448E-857F-EE63A322A520, OS:18.2, name:iPad Pro 11-inch (M4) }
{ platform:iOS Simulator, arch:x86_64, id:1BBA7533-B155-448E-857F-EE63A322A520, OS:18.2, name:iPad Pro 11-inch (M4) }
{ platform:iOS Simulator, arch:arm64, id:DAF859EE-F23D-4A63-A0DD-8883294EF863, OS:18.6, name:iPad Pro 11-inch (M4) }
{ platform:iOS Simulator, arch:x86_64, id:DAF859EE-F23D-4A63-A0DD-8883294EF863, OS:18.6, name:iPad Pro 11-inch (M4) }
{ platform:iOS Simulator, arch:arm64, id:0B7B4509-5B47-4B5C-AD7E-EBFB51C1ADE0, OS:26.2, name:iPad Pro 11-inch (M5) }
{ platform:iOS Simulator, arch:arm64, id:BAB9822A-F22D-40CC-84B8-D4CAB4019710, OS:18.2, name:iPad Pro 13-inch (M4) }
{ platform:iOS Simulator, arch:x86_64, id:BAB9822A-F22D-40CC-84B8-D4CAB4019710, OS:18.2, name:iPad Pro 13-inch (M4) }
{ platform:iOS Simulator, arch:arm64, id:120667EF-E5D4-45B4-86FA-42B7D5F462CC, OS:18.6, name:iPad Pro 13-inch (M4) }
{ platform:iOS Simulator, arch:x86_64, id:120667EF-E5D4-45B4-86FA-42B7D5F462CC, OS:18.6, name:iPad Pro 13-inch (M4) }
{ platform:iOS Simulator, arch:arm64, id:58ED9BBA-F5E5-4B83-8942-780EBF7E7417, OS:26.2, name:iPad Pro 13-inch (M5) }
{ platform:iOS Simulator, arch:arm64, id:543A2615-AA3F-4646-9DE9-30EAAFD7BC6F, OS:18.2, name:iPad mini (A17 Pro) }
{ platform:iOS Simulator, arch:x86_64, id:543A2615-AA3F-4646-9DE9-30EAAFD7BC6F, OS:18.2, name:iPad mini (A17 Pro) }
{ platform:iOS Simulator, arch:arm64, id:5A5D3BD5-FB42-4A76-A73D-C74A4A9A8D2B, OS:18.6, name:iPad mini (A17 Pro) }
{ platform:iOS Simulator, arch:x86_64, id:5A5D3BD5-FB42-4A76-A73D-C74A4A9A8D2B, OS:18.6, name:iPad mini (A17 Pro) }
{ platform:iOS Simulator, arch:arm64, id:3A05E031-4670-4692-916C-3BD87F17D505, OS:26.2, name:iPad mini (A17 Pro) }
{ platform:iOS Simulator, arch:arm64, id:C344DC88-E09D-4609-AA1C-43EF9371F2B5, OS:18.2, name:iPhone 16 }
{ platform:iOS Simulator, arch:x86_64, id:C344DC88-E09D-4609-AA1C-43EF9371F2B5, OS:18.2, name:iPhone 16 }
{ platform:iOS Simulator, arch:arm64, id:9D5B35CB-0831-403B-8EE6-01818A4DECC1, OS:18.6, name:iPhone 16 }
{ platform:iOS Simulator, arch:x86_64, id:9D5B35CB-0831-403B-8EE6-01818A4DECC1, OS:18.6, name:iPhone 16 }
{ platform:iOS Simulator, arch:arm64, id:C60E85F2-E289-4CA4-894D-A4CBCBF39879, OS:18.2, name:iPhone 16 Plus }
{ platform:iOS Simulator, arch:x86_64, id:C60E85F2-E289-4CA4-894D-A4CBCBF39879, OS:18.2, name:iPhone 16 Plus }
{ platform:iOS Simulator, arch:arm64, id:3649D3B9-0507-46C9-8A68-7DB6BA20B31D, OS:18.6, name:iPhone 16 Plus }
{ platform:iOS Simulator, arch:x86_64, id:3649D3B9-0507-46C9-8A68-7DB6BA20B31D, OS:18.6, name:iPhone 16 Plus }
{ platform:iOS Simulator, arch:arm64, id:2B1FF04E-6172-4DEE-B1ED-362B19A57FB1, OS:18.2, name:iPhone 16 Pro }
{ platform:iOS Simulator, arch:x86_64, id:2B1FF04E-6172-4DEE-B1ED-362B19A57FB1, OS:18.2, name:iPhone 16 Pro }
{ platform:iOS Simulator, arch:arm64, id:7FD6C077-8A60-4E06-969E-A672C67768A9, OS:18.6, name:iPhone 16 Pro }
{ platform:iOS Simulator, arch:x86_64, id:7FD6C077-8A60-4E06-969E-A672C67768A9, OS:18.6, name:iPhone 16 Pro }
{ platform:iOS Simulator, arch:arm64, id:19F826BD-B7AD-40D7-91ED-85432D32ED9B, OS:18.2, name:iPhone 16 Pro Max }
{ platform:iOS Simulator, arch:x86_64, id:19F826BD-B7AD-40D7-91ED-85432D32ED9B, OS:18.2, name:iPhone 16 Pro Max }
{ platform:iOS Simulator, arch:arm64, id:F59E1E8B-AE21-46EB-85F3-B649C2FBBD60, OS:18.6, name:iPhone 16 Pro Max }
{ platform:iOS Simulator, arch:x86_64, id:F59E1E8B-AE21-46EB-85F3-B649C2FBBD60, OS:18.6, name:iPhone 16 Pro Max }
{ platform:iOS Simulator, arch:arm64, id:ED682EE2-94C2-4057-AD21-5F1139EB8BBC, OS:18.6, name:iPhone 16e }
{ platform:iOS Simulator, arch:x86_64, id:ED682EE2-94C2-4057-AD21-5F1139EB8BBC, OS:18.6, name:iPhone 16e }
{ platform:iOS Simulator, arch:arm64, id:BC22A6E2-3DFB-444E-BEDC-6FC697F4F631, OS:26.2, name:iPhone 16e }
{ platform:iOS Simulator, arch:arm64, id:83AF3E2F-0F01-4163-8A6F-BB0AF46F3519, OS:26.2, name:iPhone 17 }
{ platform:iOS Simulator, arch:arm64, id:EB852B1D-5FD6-4B46-ADD4-75C44242E034, OS:26.2, name:iPhone 17 Pro }
{ platform:iOS Simulator, arch:arm64, id:B796E338-8D1C-4257-BC02-D065BA41D90D, OS:26.2, name:iPhone 17 Pro Max }
{ platform:iOS Simulator, arch:arm64, id:9DC07286-B20C-4216-9D2B-8A0B1E3C5347, OS:26.2, name:iPhone Air }
{ platform:iOS Simulator, arch:arm64, id:B0D7156F-69FA-42FC-B26F-1D8F4C856F39, OS:18.2, name:iPhone SE (3rd generation) }
{ platform:iOS Simulator, arch:x86_64, id:B0D7156F-69FA-42FC-B26F-1D8F4C856F39, OS:18.2, name:iPhone SE (3rd generation) }
{ platform:macOS, arch:arm64, variant:Designed for [iPad,iPhone], id:00006040-000850D61E00801C, name:My Mac }
{ platform:iOS, id:dvtdevice-DVTiPhonePlaceholder-iphoneos:placeholder, name:Any iOS Device }
ComputePackagePrebuildTargetDependencyGraph

Prepare packages

CreateBuildRequest

SendProjectDescription

CreateBuildOperation

ComputeTargetDependencyGraph
note: Building targets in dependency order
note: Target dependency graph (1 target)
    Target 'NewsReader' in project 'NewsReader' (no dependencies)

GatherProvisioningInputs

CreateBuildDescription

ProcessProductPackaging "" /Users/conan/Library/Developer/Xcode/DerivedData/NewsReader-gutbtfqpsskqtnfpyixkllbkflpf/Build/Intermediates.noindex/NewsReader.build/Debug-iphonesimulator/NewsReader.build/NewsReader.app-Simulated.xcent (in target 'NewsReader' from project 'NewsReader')
    cd /Users/conan/Documents/SourceCode/Projects/NewsReader
    
    Entitlements:
    
    {
    "application-identifier" = "FAKETEAMID.com.conanhy.wxcnews";
}
    
    builtin-productPackagingUtility -entitlements -format xml -o /Users/conan/Library/Developer/Xcode/DerivedData/NewsReader-gutbtfqpsskqtnfpyixkllbkflpf/Build/Intermediates.noindex/NewsReader.build/Debug-iphonesimulator/NewsReader.build/NewsReader.app-Simulated.xcent

ProcessProductPackagingDER /Users/conan/Library/Developer/Xcode/DerivedData/NewsReader-gutbtfqpsskqtnfpyixkllbkflpf/Build/Intermediates.noindex/NewsReader.build/Debug-iphonesimulator/NewsReader.build/NewsReader.app-Simulated.xcent /Users/conan/Library/Developer/Xcode/DerivedData/NewsReader-gutbtfqpsskqtnfpyixkllbkflpf/Build/Intermediates.noindex/NewsReader.build/Debug-iphonesimulator/NewsReader.build/NewsReader.app-Simulated.xcent.der (in target 'NewsReader' from project 'NewsReader')
    cd /Users/conan/Documents/SourceCode/Projects/NewsReader
    /usr/bin/derq query -f xml -i /Users/conan/Library/Developer/Xcode/DerivedData/NewsReader-gutbtfqpsskqtnfpyixkllbkflpf/Build/Intermediates.noindex/NewsReader.build/Debug-iphonesimulator/NewsReader.build/NewsReader.app-Simulated.xcent -o /Users/conan/Library/Developer/Xcode/DerivedData/NewsReader-gutbtfqpsskqtnfpyixkllbkflpf/Build/Intermediates.noindex/NewsReader.build/Debug-iphonesimulator/NewsReader.build/NewsReader.app-Simulated.xcent.der --raw

ClangStatCache /Applications/Xcode.app/Contents/Developer/Toolchains/XcodeDefault.xctoolchain/usr/bin/clang-stat-cache /Applications/Xcode.app/Contents/Developer/Platforms/iPhoneSimulator.platform/Developer/SDKs/iPhoneSimulator26.2.sdk /Users/conan/Library/Developer/Xcode/DerivedData/SDKStatCaches.noindex/iphonesimulator26.2-23C53-7d00a8b37fbd7999ea79df8ebc024bf0.sdkstatcache
    cd /Users/conan/Documents/SourceCode/Projects/NewsReader/NewsReader.xcodeproj
    /Applications/Xcode.app/Contents/Developer/Toolchains/XcodeDefault.xctoolchain/usr/bin/clang-stat-cache /Applications/Xcode.app/Contents/Developer/Platforms/iPhoneSimulator.platform/Developer/SDKs/iPhoneSimulator26.2.sdk -o /Users/conan/Library/Developer/Xcode/DerivedData/SDKStatCaches.noindex/iphonesimulator26.2-23C53-7d00a8b37fbd7999ea79df8ebc024bf0.sdkstatcache

SwiftDriver NewsReader normal x86_64 com.apple.xcode.tools.swift.compiler (in target 'NewsReader' from project 'NewsReader')
    cd /Users/conan/Documents/SourceCode/Projects/NewsReader
    builtin-SwiftDriver -- /Applications/Xcode.app/Contents/Developer/Toolchains/XcodeDefault.xctoolchain/usr/bin/swiftc -module-name NewsReader -Onone -enforce-exclusivity\=checked @/Users/conan/Library/Developer/Xcode/DerivedData/NewsReader-gutbtfqpsskqtnfpyixkllbkflpf/Build/Intermediates.noindex/NewsReader.build/Debug-iphonesimulator/NewsReader.build/Objects-normal/x86_64/NewsReader.SwiftFileList -enable-experimental-feature DebugDescriptionMacro -sdk /Applications/Xcode.app/Contents/Developer/Platforms/iPhoneSimulator.platform/Developer/SDKs/iPhoneSimulator26.2.sdk -target x86_64-apple-ios18.0-simulator -g -module-cache-path /Users/conan/Library/Developer/Xcode/DerivedData/ModuleCache.noindex -Xfrontend -serialize-debugging-options -enable-testing -index-store-path /Users/conan/Library/Developer/Xcode/DerivedData/NewsReader-gutbtfqpsskqtnfpyixkllbkflpf/Index.noindex/DataStore -Xcc -D_LIBCPP_HARDENING_MODE\=_LIBCPP_HARDENING_MODE_DEBUG -swift-version 6 -I /Users/conan/Library/Developer/Xcode/DerivedData/NewsReader-gutbtfqpsskqtnfpyixkllbkflpf/Build/Products/Debug-iphonesimulator -F /Users/conan/Library/Developer/Xcode/DerivedData/NewsReader-gutbtfqpsskqtnfpyixkllbkflpf/Build/Products/Debug-iphonesimulator -c -j12 -enable-batch-mode -incremental -Xcc -ivfsstatcache -Xcc /Users/conan/Library/Developer/Xcode/DerivedData/SDKStatCaches.noindex/iphonesimulator26.2-23C53-7d00a8b37fbd7999ea79df8ebc024bf0.sdkstatcache -output-file-map /Users/conan/Library/Developer/Xcode/DerivedData/NewsReader-gutbtfqpsskqtnfpyixkllbkflpf/Build/Intermediates.noindex/NewsReader.build/Debug-iphonesimulator/NewsReader.build/Objects-normal/x86_64/NewsReader-OutputFileMap.json -use-frontend-parseable-output -save-temps -no-color-diagnostics -explicit-module-build -module-cache-path /Users/conan/Library/Developer/Xcode/DerivedData/NewsReader-gutbtfqpsskqtnfpyixkllbkflpf/Build/Intermediates.noindex/SwiftExplicitPrecompiledModules -clang-scanner-module-cache-path /Users/conan/Library/Developer/Xcode/DerivedData/ModuleCache.noindex -sdk-module-cache-path /Users/conan/Library/Developer/Xcode/DerivedData/ModuleCache.noindex -serialize-diagnostics -emit-dependencies -emit-module -emit-module-path /Users/conan/Library/Developer/Xcode/DerivedData/NewsReader-gutbtfqpsskqtnfpyixkllbkflpf/Build/Intermediates.noindex/NewsReader.build/Debug-iphonesimulator/NewsReader.build/Objects-normal/x86_64/NewsReader.swiftmodule -validate-clang-modules-once -clang-build-session-file /Users/conan/Library/Developer/Xcode/DerivedData/ModuleCache.noindex/Session.modulevalidation -Xcc -I/Users/conan/Library/Developer/Xcode/DerivedData/NewsReader-gutbtfqpsskqtnfpyixkllbkflpf/Build/Intermediates.noindex/NewsReader.build/Debug-iphonesimulator/NewsReader.build/swift-overrides.hmap -emit-const-values -Xfrontend -const-gather-protocols-file -Xfrontend /Users/conan/Library/Developer/Xcode/DerivedData/NewsReader-gutbtfqpsskqtnfpyixkllbkflpf/Build/Intermediates.noindex/NewsReader.build/Debug-iphonesimulator/NewsReader.build/Objects-normal/x86_64/NewsReader_const_extract_protocols.json -Xcc -iquote -Xcc /Users/conan/Library/Developer/Xcode/DerivedData/NewsReader-gutbtfqpsskqtnfpyixkllbkflpf/Build/Intermediates.noindex/NewsReader.build/Debug-iphonesimulator/NewsReader.build/NewsReader-generated-files.hmap -Xcc -I/Users/conan/Library/Developer/Xcode/DerivedData/NewsReader-gutbtfqpsskqtnfpyixkllbkflpf/Build/Intermediates.noindex/NewsReader.build/Debug-iphonesimulator/NewsReader.build/NewsReader-own-target-headers.hmap -Xcc -I/Users/conan/Library/Developer/Xcode/DerivedData/NewsReader-gutbtfqpsskqtnfpyixkllbkflpf/Build/Intermediates.noindex/NewsReader.build/Debug-iphonesimulator/NewsReader.build/NewsReader-all-target-headers.hmap -Xcc -iquote -Xcc /Users/conan/Library/Developer/Xcode/DerivedData/NewsReader-gutbtfqpsskqtnfpyixkllbkflpf/Build/Intermediates.noindex/NewsReader.build/Debug-iphonesimulator/NewsReader.build/NewsReader-project-headers.hmap -Xcc -I/Users/conan/Library/Developer/Xcode/DerivedData/NewsReader-gutbtfqpsskqtnfpyixkllbkflpf/Build/Products/Debug-iphonesimulator/include -Xcc -I/Users/conan/Library/Developer/Xcode/DerivedData/NewsReader-gutbtfqpsskqtnfpyixkllbkflpf/Build/Intermediates.noindex/NewsReader.build/Debug-iphonesimulator/NewsReader.build/DerivedSources-normal/x86_64 -Xcc -I/Users/conan/Library/Developer/Xcode/DerivedData/NewsReader-gutbtfqpsskqtnfpyixkllbkflpf/Build/Intermediates.noindex/NewsReader.build/Debug-iphonesimulator/NewsReader.build/DerivedSources/x86_64 -Xcc -I/Users/conan/Library/Developer/Xcode/DerivedData/NewsReader-gutbtfqpsskqtnfpyixkllbkflpf/Build/Intermediates.noindex/NewsReader.build/Debug-iphonesimulator/NewsReader.build/DerivedSources -emit-objc-header -emit-objc-header-path /Users/conan/Library/Developer/Xcode/DerivedData/NewsReader-gutbtfqpsskqtnfpyixkllbkflpf/Build/Intermediates.noindex/NewsReader.build/Debug-iphonesimulator/NewsReader.build/Objects-normal/x86_64/NewsReader-Swift.h -working-directory /Users/conan/Documents/SourceCode/Projects/NewsReader -experimental-emit-module-separately -disable-cmo

SwiftDriver NewsReader normal arm64 com.apple.xcode.tools.swift.compiler (in target 'NewsReader' from project 'NewsReader')
    cd /Users/conan/Documents/SourceCode/Projects/NewsReader
    builtin-SwiftDriver -- /Applications/Xcode.app/Contents/Developer/Toolchains/XcodeDefault.xctoolchain/usr/bin/swiftc -module-name NewsReader -Onone -enforce-exclusivity\=checked @/Users/conan/Library/Developer/Xcode/DerivedData/NewsReader-gutbtfqpsskqtnfpyixkllbkflpf/Build/Intermediates.noindex/NewsReader.build/Debug-iphonesimulator/NewsReader.build/Objects-normal/arm64/NewsReader.SwiftFileList -enable-experimental-feature DebugDescriptionMacro -sdk /Applications/Xcode.app/Contents/Developer/Platforms/iPhoneSimulator.platform/Developer/SDKs/iPhoneSimulator26.2.sdk -target arm64-apple-ios18.0-simulator -g -module-cache-path /Users/conan/Library/Developer/Xcode/DerivedData/ModuleCache.noindex -Xfrontend -serialize-debugging-options -enable-testing -index-store-path /Users/conan/Library/Developer/Xcode/DerivedData/NewsReader-gutbtfqpsskqtnfpyixkllbkflpf/Index.noindex/DataStore -Xcc -D_LIBCPP_HARDENING_MODE\=_LIBCPP_HARDENING_MODE_DEBUG -swift-version 6 -I /Users/conan/Library/Developer/Xcode/DerivedData/NewsReader-gutbtfqpsskqtnfpyixkllbkflpf/Build/Products/Debug-iphonesimulator -F /Users/conan/Library/Developer/Xcode/DerivedData/NewsReader-gutbtfqpsskqtnfpyixkllbkflpf/Build/Products/Debug-iphonesimulator -c -j12 -enable-batch-mode -incremental -Xcc -ivfsstatcache -Xcc /Users/conan/Library/Developer/Xcode/DerivedData/SDKStatCaches.noindex/iphonesimulator26.2-23C53-7d00a8b37fbd7999ea79df8ebc024bf0.sdkstatcache -output-file-map /Users/conan/Library/Developer/Xcode/DerivedData/NewsReader-gutbtfqpsskqtnfpyixkllbkflpf/Build/Intermediates.noindex/NewsReader.build/Debug-iphonesimulator/NewsReader.build/Objects-normal/arm64/NewsReader-OutputFileMap.json -use-frontend-parseable-output -save-temps -no-color-diagnostics -explicit-module-build -module-cache-path /Users/conan/Library/Developer/Xcode/DerivedData/NewsReader-gutbtfqpsskqtnfpyixkllbkflpf/Build/Intermediates.noindex/SwiftExplicitPrecompiledModules -clang-scanner-module-cache-path /Users/conan/Library/Developer/Xcode/DerivedData/ModuleCache.noindex -sdk-module-cache-path /Users/conan/Library/Developer/Xcode/DerivedData/ModuleCache.noindex -serialize-diagnostics -emit-dependencies -emit-module -emit-module-path /Users/conan/Library/Developer/Xcode/DerivedData/NewsReader-gutbtfqpsskqtnfpyixkllbkflpf/Build/Intermediates.noindex/NewsReader.build/Debug-iphonesimulator/NewsReader.build/Objects-normal/arm64/NewsReader.swiftmodule -validate-clang-modules-once -clang-build-session-file /Users/conan/Library/Developer/Xcode/DerivedData/ModuleCache.noindex/Session.modulevalidation -Xcc -I/Users/conan/Library/Developer/Xcode/DerivedData/NewsReader-gutbtfqpsskqtnfpyixkllbkflpf/Build/Intermediates.noindex/NewsReader.build/Debug-iphonesimulator/NewsReader.build/swift-overrides.hmap -emit-const-values -Xfrontend -const-gather-protocols-file -Xfrontend /Users/conan/Library/Developer/Xcode/DerivedData/NewsReader-gutbtfqpsskqtnfpyixkllbkflpf/Build/Intermediates.noindex/NewsReader.build/Debug-iphonesimulator/NewsReader.build/Objects-normal/arm64/NewsReader_const_extract_protocols.json -Xcc -iquote -Xcc /Users/conan/Library/Developer/Xcode/DerivedData/NewsReader-gutbtfqpsskqtnfpyixkllbkflpf/Build/Intermediates.noindex/NewsReader.build/Debug-iphonesimulator/NewsReader.build/NewsReader-generated-files.hmap -Xcc -I/Users/conan/Library/Developer/Xcode/DerivedData/NewsReader-gutbtfqpsskqtnfpyixkllbkflpf/Build/Intermediates.noindex/NewsReader.build/Debug-iphonesimulator/NewsReader.build/NewsReader-own-target-headers.hmap -Xcc -I/Users/conan/Library/Developer/Xcode/DerivedData/NewsReader-gutbtfqpsskqtnfpyixkllbkflpf/Build/Intermediates.noindex/NewsReader.build/Debug-iphonesimulator/NewsReader.build/NewsReader-all-target-headers.hmap -Xcc -iquote -Xcc /Users/conan/Library/Developer/Xcode/DerivedData/NewsReader-gutbtfqpsskqtnfpyixkllbkflpf/Build/Intermediates.noindex/NewsReader.build/Debug-iphonesimulator/NewsReader.build/NewsReader-project-headers.hmap -Xcc -I/Users/conan/Library/Developer/Xcode/DerivedData/NewsReader-gutbtfqpsskqtnfpyixkllbkflpf/Build/Products/Debug-iphonesimulator/include -Xcc -I/Users/conan/Library/Developer/Xcode/DerivedData/NewsReader-gutbtfqpsskqtnfpyixkllbkflpf/Build/Intermediates.noindex/NewsReader.build/Debug-iphonesimulator/NewsReader.build/DerivedSources-normal/arm64 -Xcc -I/Users/conan/Library/Developer/Xcode/DerivedData/NewsReader-gutbtfqpsskqtnfpyixkllbkflpf/Build/Intermediates.noindex/NewsReader.build/Debug-iphonesimulator/NewsReader.build/DerivedSources/arm64 -Xcc -I/Users/conan/Library/Developer/Xcode/DerivedData/NewsReader-gutbtfqpsskqtnfpyixkllbkflpf/Build/Intermediates.noindex/NewsReader.build/Debug-iphonesimulator/NewsReader.build/DerivedSources -emit-objc-header -emit-objc-header-path /Users/conan/Library/Developer/Xcode/DerivedData/NewsReader-gutbtfqpsskqtnfpyixkllbkflpf/Build/Intermediates.noindex/NewsReader.build/Debug-iphonesimulator/NewsReader.build/Objects-normal/arm64/NewsReader-Swift.h -working-directory /Users/conan/Documents/SourceCode/Projects/NewsReader -experimental-emit-module-separately -disable-cmo

ProcessInfoPlistFile /Users/conan/Library/Developer/Xcode/DerivedData/NewsReader-gutbtfqpsskqtnfpyixkllbkflpf/Build/Products/Debug-iphonesimulator/NewsReader.app/Info.plist /Users/conan/Documents/SourceCode/Projects/NewsReader/NewsReader/Info.plist (in target 'NewsReader' from project 'NewsReader')
    cd /Users/conan/Documents/SourceCode/Projects/NewsReader
    builtin-infoPlistUtility /Users/conan/Documents/SourceCode/Projects/NewsReader/NewsReader/Info.plist -producttype com.apple.product-type.application -genpkginfo /Users/conan/Library/Developer/Xcode/DerivedData/NewsReader-gutbtfqpsskqtnfpyixkllbkflpf/Build/Products/Debug-iphonesimulator/NewsReader.app/PkgInfo -expandbuildsettings -format binary -platform iphonesimulator -additionalcontentfile /Users/conan/Library/Developer/Xcode/DerivedData/NewsReader-gutbtfqpsskqtnfpyixkllbkflpf/Build/Intermediates.noindex/NewsReader.build/Debug-iphonesimulator/NewsReader.build/Base.lproj/LaunchScreen-SBPartialInfo.plist -additionalcontentfile /Users/conan/Library/Developer/Xcode/DerivedData/NewsReader-gutbtfqpsskqtnfpyixkllbkflpf/Build/Intermediates.noindex/NewsReader.build/Debug-iphonesimulator/NewsReader.build/Base.lproj/Main-SBPartialInfo.plist -additionalcontentfile /Users/conan/Library/Developer/Xcode/DerivedData/NewsReader-gutbtfqpsskqtnfpyixkllbkflpf/Build/Intermediates.noindex/NewsReader.build/Debug-iphonesimulator/NewsReader.build/assetcatalog_generated_info.plist -o /Users/conan/Library/Developer/Xcode/DerivedData/NewsReader-gutbtfqpsskqtnfpyixkllbkflpf/Build/Products/Debug-iphonesimulator/NewsReader.app/Info.plist
warning: 'UILaunchImages' has been deprecated, use launch storyboards instead. (in target 'NewsReader' from project 'NewsReader')

SwiftEmitModule normal x86_64 Emitting\ module\ for\ NewsReader (in target 'NewsReader' from project 'NewsReader')

EmitSwiftModule normal x86_64 (in target 'NewsReader' from project 'NewsReader')
    cd /Users/conan/Documents/SourceCode/Projects/NewsReader
    

SwiftCompile normal x86_64 Compiling\ ListViewController.swift /Users/conan/Documents/SourceCode/Projects/NewsReader/NewsReader/ListViewController.swift (in target 'NewsReader' from project 'NewsReader')
Failed frontend command:
/Applications/Xcode.app/Contents/Developer/Toolchains/XcodeDefault.xctoolchain/usr/bin/swift-frontend -frontend -c /Users/conan/Documents/SourceCode/Projects/NewsReader/NewsReader/AppDelegate.swift /Users/conan/Documents/SourceCode/Projects/NewsReader/NewsReader/PostViewController.swift /Users/conan/Documents/SourceCode/Projects/NewsReader/NewsReader/ListTableViewCell.swift /Users/conan/Documents/SourceCode/Projects/NewsReader/NewsReader/DataManager.swift /Users/conan/Documents/SourceCode/Projects/NewsReader/NewsReader/WxcItems.swift /Users/conan/Documents/SourceCode/Projects/NewsReader/NewsReader/WxcAPI.swift -primary-file /Users/conan/Documents/SourceCode/Projects/NewsReader/NewsReader/ListViewController.swift /Users/conan/Library/Developer/Xcode/DerivedData/NewsReader-gutbtfqpsskqtnfpyixkllbkflpf/Build/Intermediates.noindex/NewsReader.build/Debug-iphonesimulator/NewsReader.build/DerivedSources/CoreDataGenerated/NewsReader/NewsItem+CoreDataClass.swift /Users/conan/Library/Developer/Xcode/DerivedData/NewsReader-gutbtfqpsskqtnfpyixkllbkflpf/Build/Intermediates.noindex/NewsReader.build/Debug-iphonesimulator/NewsReader.build/DerivedSources/CoreDataGenerated/NewsReader/NewsItem+CoreDataProperties.swift /Users/conan/Library/Developer/Xcode/DerivedData/NewsReader-gutbtfqpsskqtnfpyixkllbkflpf/Build/Intermediates.noindex/NewsReader.build/Debug-iphonesimulator/NewsReader.build/DerivedSources/CoreDataGenerated/NewsReader/NewsReader+CoreDataModel.swift /Users/conan/Library/Developer/Xcode/DerivedData/NewsReader-gutbtfqpsskqtnfpyixkllbkflpf/Build/Intermediates.noindex/NewsReader.build/Debug-iphonesimulator/NewsReader.build/DerivedSources/GeneratedAssetSymbols.swift -emit-dependencies-path /Users/conan/Library/Developer/Xcode/DerivedData/NewsReader-gutbtfqpsskqtnfpyixkllbkflpf/Build/Intermediates.noindex/NewsReader.build/Debug-iphonesimulator/NewsReader.build/Objects-normal/x86_64/ListViewController.d -emit-const-values-path /Users/conan/Library/Developer/Xcode/DerivedData/NewsReader-gutbtfqpsskqtnfpyixkllbkflpf/Build/Intermediates.noindex/NewsReader.build/Debug-iphonesimulator/NewsReader.build/Objects-normal/x86_64/ListViewController.swiftconstvalues -emit-reference-dependencies-path /Users/conan/Library/Developer/Xcode/DerivedData/NewsReader-gutbtfqpsskqtnfpyixkllbkflpf/Build/Intermediates.noindex/NewsReader.build/Debug-iphonesimulator/NewsReader.build/Objects-normal/x86_64/ListViewController.swiftdeps -serialize-diagnostics-path /Users/conan/Library/Developer/Xcode/DerivedData/NewsReader-gutbtfqpsskqtnfpyixkllbkflpf/Build/Intermediates.noindex/NewsReader.build/Debug-iphonesimulator/NewsReader.build/Objects-normal/x86_64/ListViewController.dia -target x86_64-apple-ios18.0-simulator -module-can-import-version DeveloperToolsSupport 23.0.4 23.0.4 -load-resolved-plugin /Applications/Xcode.app/Contents/Developer/Platforms/iPhoneOS.platform/Developer/usr/lib/swift/host/plugins/libFoundationMacros.dylib\#/Applications/Xcode.app/Contents/Developer/Platforms/iPhoneOS.platform/Developer/usr/bin/swift-plugin-server\#FoundationMacros -load-resolved-plugin /Applications/Xcode.app/Contents/Developer/Platforms/iPhoneOS.platform/Developer/usr/lib/swift/host/plugins/libObservationMacros.dylib\#/Applications/Xcode.app/Contents/Developer/Platforms/iPhoneOS.platform/Developer/usr/bin/swift-plugin-server\#ObservationMacros -load-resolved-plugin /Applications/Xcode.app/Contents/Developer/Platforms/iPhoneOS.platform/Developer/usr/lib/swift/host/plugins/libPreviewsMacros.dylib\#/Applications/Xcode.app/Contents/Developer/Platforms/iPhoneOS.platform/Developer/usr/bin/swift-plugin-server\#PreviewsMacros -load-resolved-plugin /Applications/Xcode.app/Contents/Developer/Platforms/iPhoneOS.platform/Developer/usr/lib/swift/host/plugins/libSwiftMacros.dylib\#/Applications/Xcode.app/Contents/Developer/Platforms/iPhoneOS.platform/Developer/usr/bin/swift-plugin-server\#SwiftMacros -load-resolved-plugin /Applications/Xcode.app/Contents/Developer/Platforms/iPhoneOS.platform/Developer/usr/lib/swift/host/plugins/libSwiftUIMacros.dylib\#/Applications/Xcode.app/Contents/Developer/Platforms/iPhoneOS.platform/Developer/usr/bin/swift-plugin-server\#SwiftUIMacros -disable-implicit-swift-modules -Xcc -fno-implicit-modules -Xcc -fno-implicit-module-maps -explicit-swift-module-map-file /Users/conan/Library/Developer/Xcode/DerivedData/NewsReader-gutbtfqpsskqtnfpyixkllbkflpf/Build/Intermediates.noindex/NewsReader.build/Debug-iphonesimulator/NewsReader.build/Objects-normal/x86_64/NewsReader-dependencies-2.json -enable-objc-interop -sdk /Applications/Xcode.app/Contents/Developer/Platforms/iPhoneSimulator.platform/Developer/SDKs/iPhoneSimulator26.2.sdk -I /Users/conan/Library/Developer/Xcode/DerivedData/NewsReader-gutbtfqpsskqtnfpyixkllbkflpf/Build/Products/Debug-iphonesimulator -F /Users/conan/Library/Developer/Xcode/DerivedData/NewsReader-gutbtfqpsskqtnfpyixkllbkflpf/Build/Products/Debug-iphonesimulator -no-color-diagnostics -Xcc -fno-color-diagnostics -enable-testing -g -debug-info-format\=dwarf -dwarf-version\=5 -module-cache-path /Users/conan/Library/Developer/Xcode/DerivedData/NewsReader-gutbtfqpsskqtnfpyixkllbkflpf/Build/Intermediates.noindex/SwiftExplicitPrecompiledModules -swift-version 6 -enforce-exclusivity\=checked -Onone -serialize-debugging-options -const-gather-protocols-file /Users/conan/Library/Developer/Xcode/DerivedData/NewsReader-gutbtfqpsskqtnfpyixkllbkflpf/Build/Intermediates.noindex/NewsReader.build/Debug-iphonesimulator/NewsReader.build/Objects-normal/x86_64/NewsReader_const_extract_protocols.json -enable-experimental-feature DebugDescriptionMacro -empty-abi-descriptor -validate-clang-modules-once -clang-build-session-file /Users/conan/Library/Developer/Xcode/DerivedData/ModuleCache.noindex/Session.modulevalidation -Xcc -working-directory -Xcc /Users/conan/Documents/SourceCode/Projects/NewsReader -enable-anonymous-context-mangled-names -file-compilation-dir /Users/conan/Documents/SourceCode/Projects/NewsReader -Xcc -D_LIBCPP_HARDENING_MODE\=_LIBCPP_HARDENING_MODE_DEBUG -Xcc -ivfsstatcache -Xcc /Users/conan/Library/Developer/Xcode/DerivedData/SDKStatCaches.noindex/iphonesimulator26.2-23C53-7d00a8b37fbd7999ea79df8ebc024bf0.sdkstatcache -Xcc -I/Users/conan/Library/Developer/Xcode/DerivedData/NewsReader-gutbtfqpsskqtnfpyixkllbkflpf/Build/Intermediates.noindex/NewsReader.build/Debug-iphonesimulator/NewsReader.build/swift-overrides.hmap -Xcc -iquote -Xcc /Users/conan/Library/Developer/Xcode/DerivedData/NewsReader-gutbtfqpsskqtnfpyixkllbkflpf/Build/Intermediates.noindex/NewsReader.build/Debug-iphonesimulator/NewsReader.build/NewsReader-generated-files.hmap -Xcc -I/Users/conan/Library/Developer/Xcode/DerivedData/NewsReader-gutbtfqpsskqtnfpyixkllbkflpf/Build/Intermediates.noindex/NewsReader.build/Debug-iphonesimulator/NewsReader.build/NewsReader-own-target-headers.hmap -Xcc -I/Users/conan/Library/Developer/Xcode/DerivedData/NewsReader-gutbtfqpsskqtnfpyixkllbkflpf/Build/Intermediates.noindex/NewsReader.build/Debug-iphonesimulator/NewsReader.build/NewsReader-all-target-headers.hmap -Xcc -iquote -Xcc /Users/conan/Library/Developer/Xcode/DerivedData/NewsReader-gutbtfqpsskqtnfpyixkllbkflpf/Build/Intermediates.noindex/NewsReader.build/Debug-iphonesimulator/NewsReader.build/NewsReader-project-headers.hmap -Xcc -I/Users/conan/Library/Developer/Xcode/DerivedData/NewsReader-gutbtfqpsskqtnfpyixkllbkflpf/Build/Products/Debug-iphonesimulator/include -Xcc -I/Users/conan/Library/Developer/Xcode/DerivedData/NewsReader-gutbtfqpsskqtnfpyixkllbkflpf/Build/Intermediates.noindex/NewsReader.build/Debug-iphonesimulator/NewsReader.build/DerivedSources-normal/x86_64 -Xcc -I/Users/conan/Library/Developer/Xcode/DerivedData/NewsReader-gutbtfqpsskqtnfpyixkllbkflpf/Build/Intermediates.noindex/NewsReader.build/Debug-iphonesimulator/NewsReader.build/DerivedSources/x86_64 -Xcc -I/Users/conan/Library/Developer/Xcode/DerivedData/NewsReader-gutbtfqpsskqtnfpyixkllbkflpf/Build/Intermediates.noindex/NewsReader.build/Debug-iphonesimulator/NewsReader.build/DerivedSources -no-auto-bridging-header-chaining -module-name NewsReader -frontend-parseable-output -disable-clang-spi -target-sdk-version 26.2 -target-sdk-name iphonesimulator26.2 -clang-target x86_64-apple-ios26.2-simulator -in-process-plugin-server-path /Applications/Xcode.app/Contents/Developer/Toolchains/XcodeDefault.xctoolchain/usr/lib/swift/host/libSwiftInProcPluginServer.dylib -o /Users/conan/Library/Developer/Xcode/DerivedData/NewsReader-gutbtfqpsskqtnfpyixkllbkflpf/Build/Intermediates.noindex/NewsReader.build/Debug-iphonesimulator/NewsReader.build/Objects-normal/x86_64/ListViewController.o -index-unit-output-path /NewsReader.build/Debug-iphonesimulator/NewsReader.build/Objects-normal/x86_64/ListViewController.o -index-store-path /Users/conan/Library/Developer/Xcode/DerivedData/NewsReader-gutbtfqpsskqtnfpyixkllbkflpf/Index.noindex/DataStore -index-system-modules

SwiftCompile normal x86_64 /Users/conan/Documents/SourceCode/Projects/NewsReader/NewsReader/ListViewController.swift (in target 'NewsReader' from project 'NewsReader')
    cd /Users/conan/Documents/SourceCode/Projects/NewsReader
    
/Users/conan/Documents/SourceCode/Projects/NewsReader/NewsReader/ListViewController.swift:55:33: warning: 'didChangeStatusBarOrientationNotification' was deprecated in iOS 13.0: Use viewWillTransitionToSize:withTransitionCoordinator: instead.
            name: UIApplication.didChangeStatusBarOrientationNotification,
                                ^
/Users/conan/Documents/SourceCode/Projects/NewsReader/NewsReader/ListViewController.swift:87:34: error: extraneous argument label 'index:' in call
        listCell.showListItemInfo(index: indexPath.row)
                                 ^~~~~~~~
                                  
/Users/conan/Documents/SourceCode/Projects/NewsReader/NewsReader/ListViewController.swift:90:22: error: value of type 'ListTableViewCell' has no member 'titleLabel'
            listCell.titleLabel.textColor = .gray
            ~~~~~~~~ ^~~~~~~~~~
/Users/conan/Documents/SourceCode/Projects/NewsReader/NewsReader/ListViewController.swift:90:46: error: cannot infer contextual base in reference to member 'gray'
            listCell.titleLabel.textColor = .gray
                                            ~^~~~
/Users/conan/Documents/SourceCode/Projects/NewsReader/NewsReader/ListViewController.swift:92:22: error: value of type 'ListTableViewCell' has no member 'titleLabel'
            listCell.titleLabel.textColor = .black
            ~~~~~~~~ ^~~~~~~~~~
/Users/conan/Documents/SourceCode/Projects/NewsReader/NewsReader/ListViewController.swift:92:46: error: cannot infer contextual base in reference to member 'black'
            listCell.titleLabel.textColor = .black
                                            ~^~~~~
/Users/conan/Documents/SourceCode/Projects/NewsReader/NewsReader/ListViewController.swift:144:38: warning: main actor-isolated var 'last' can not be referenced from a nonisolated context
            manager.updateData(news: last.news, mode: DataRequestMode.latestItems)
                                     ^
/Users/conan/Documents/SourceCode/Projects/NewsReader/NewsReader/ListViewController.swift:12:24: note: var declared here
@MainActor private var last = (offset: CGPoint(x: 0, y: 0), ch: 0, news: NewsType.wenxuecity)
                       ^
/Users/conan/Documents/SourceCode/Projects/NewsReader/NewsReader/ListViewController.swift:149:18: warning: call to main actor-isolated instance method 'updateImg(index:)' in a synchronous nonisolated context
            self.updateImg(index: -1)
                 ^
/Users/conan/Documents/SourceCode/Projects/NewsReader/NewsReader/ListViewController.swift:122:18: note: calls to instance method 'updateImg(index:)' from outside of its actor context are implicitly asynchronous
    private func updateImg(index: Int) {
                 ^
/Users/conan/Documents/SourceCode/Projects/NewsReader/NewsReader/ListViewController.swift:122:18: note: main actor isolation inferred from inheritance from class 'UIViewController'
    private func updateImg(index: Int) {
                 ^
/Users/conan/Documents/SourceCode/Projects/NewsReader/NewsReader/ListViewController.swift:163:42: warning: main actor-isolated var 'last' can not be referenced from a nonisolated context
                manager.updateData(news: last.news, mode: DataRequestMode.moreItems)
                                         ^
/Users/conan/Documents/SourceCode/Projects/NewsReader/NewsReader/ListViewController.swift:12:24: note: var declared here
@MainActor private var last = (offset: CGPoint(x: 0, y: 0), ch: 0, news: NewsType.wenxuecity)
                       ^
/Users/conan/Documents/SourceCode/Projects/NewsReader/NewsReader/ListViewController.swift:165:22: warning: call to main actor-isolated instance method 'updateImg(index:)' in a synchronous nonisolated context
                self.updateImg(index: -1)
                     ^
/Users/conan/Documents/SourceCode/Projects/NewsReader/NewsReader/ListViewController.swift:122:18: note: calls to instance method 'updateImg(index:)' from outside of its actor context are implicitly asynchronous
    private func updateImg(index: Int) {
                 ^
/Users/conan/Documents/SourceCode/Projects/NewsReader/NewsReader/ListViewController.swift:122:18: note: main actor isolation inferred from inheritance from class 'UIViewController'
    private func updateImg(index: Int) {
                 ^

SwiftEmitModule normal arm64 Emitting\ module\ for\ NewsReader (in target 'NewsReader' from project 'NewsReader')

EmitSwiftModule normal arm64 (in target 'NewsReader' from project 'NewsReader')
    cd /Users/conan/Documents/SourceCode/Projects/NewsReader
    

SwiftCompile normal arm64 Compiling\ ListViewController.swift /Users/conan/Documents/SourceCode/Projects/NewsReader/NewsReader/ListViewController.swift (in target 'NewsReader' from project 'NewsReader')
Failed frontend command:
/Applications/Xcode.app/Contents/Developer/Toolchains/XcodeDefault.xctoolchain/usr/bin/swift-frontend -frontend -c /Users/conan/Documents/SourceCode/Projects/NewsReader/NewsReader/AppDelegate.swift /Users/conan/Documents/SourceCode/Projects/NewsReader/NewsReader/PostViewController.swift /Users/conan/Documents/SourceCode/Projects/NewsReader/NewsReader/ListTableViewCell.swift /Users/conan/Documents/SourceCode/Projects/NewsReader/NewsReader/DataManager.swift /Users/conan/Documents/SourceCode/Projects/NewsReader/NewsReader/WxcItems.swift /Users/conan/Documents/SourceCode/Projects/NewsReader/NewsReader/WxcAPI.swift -primary-file /Users/conan/Documents/SourceCode/Projects/NewsReader/NewsReader/ListViewController.swift /Users/conan/Library/Developer/Xcode/DerivedData/NewsReader-gutbtfqpsskqtnfpyixkllbkflpf/Build/Intermediates.noindex/NewsReader.build/Debug-iphonesimulator/NewsReader.build/DerivedSources/CoreDataGenerated/NewsReader/NewsItem+CoreDataClass.swift /Users/conan/Library/Developer/Xcode/DerivedData/NewsReader-gutbtfqpsskqtnfpyixkllbkflpf/Build/Intermediates.noindex/NewsReader.build/Debug-iphonesimulator/NewsReader.build/DerivedSources/CoreDataGenerated/NewsReader/NewsItem+CoreDataProperties.swift /Users/conan/Library/Developer/Xcode/DerivedData/NewsReader-gutbtfqpsskqtnfpyixkllbkflpf/Build/Intermediates.noindex/NewsReader.build/Debug-iphonesimulator/NewsReader.build/DerivedSources/CoreDataGenerated/NewsReader/NewsReader+CoreDataModel.swift /Users/conan/Library/Developer/Xcode/DerivedData/NewsReader-gutbtfqpsskqtnfpyixkllbkflpf/Build/Intermediates.noindex/NewsReader.build/Debug-iphonesimulator/NewsReader.build/DerivedSources/GeneratedAssetSymbols.swift -emit-dependencies-path /Users/conan/Library/Developer/Xcode/DerivedData/NewsReader-gutbtfqpsskqtnfpyixkllbkflpf/Build/Intermediates.noindex/NewsReader.build/Debug-iphonesimulator/NewsReader.build/Objects-normal/arm64/ListViewController.d -emit-const-values-path /Users/conan/Library/Developer/Xcode/DerivedData/NewsReader-gutbtfqpsskqtnfpyixkllbkflpf/Build/Intermediates.noindex/NewsReader.build/Debug-iphonesimulator/NewsReader.build/Objects-normal/arm64/ListViewController.swiftconstvalues -emit-reference-dependencies-path /Users/conan/Library/Developer/Xcode/DerivedData/NewsReader-gutbtfqpsskqtnfpyixkllbkflpf/Build/Intermediates.noindex/NewsReader.build/Debug-iphonesimulator/NewsReader.build/Objects-normal/arm64/ListViewController.swiftdeps -serialize-diagnostics-path /Users/conan/Library/Developer/Xcode/DerivedData/NewsReader-gutbtfqpsskqtnfpyixkllbkflpf/Build/Intermediates.noindex/NewsReader.build/Debug-iphonesimulator/NewsReader.build/Objects-normal/arm64/ListViewController.dia -target arm64-apple-ios18.0-simulator -module-can-import-version DeveloperToolsSupport 23.0.4 23.0.4 -load-resolved-plugin /Applications/Xcode.app/Contents/Developer/Platforms/iPhoneOS.platform/Developer/usr/lib/swift/host/plugins/libFoundationMacros.dylib\#/Applications/Xcode.app/Contents/Developer/Platforms/iPhoneOS.platform/Developer/usr/bin/swift-plugin-server\#FoundationMacros -load-resolved-plugin /Applications/Xcode.app/Contents/Developer/Platforms/iPhoneOS.platform/Developer/usr/lib/swift/host/plugins/libObservationMacros.dylib\#/Applications/Xcode.app/Contents/Developer/Platforms/iPhoneOS.platform/Developer/usr/bin/swift-plugin-server\#ObservationMacros -load-resolved-plugin /Applications/Xcode.app/Contents/Developer/Platforms/iPhoneOS.platform/Developer/usr/lib/swift/host/plugins/libPreviewsMacros.dylib\#/Applications/Xcode.app/Contents/Developer/Platforms/iPhoneOS.platform/Developer/usr/bin/swift-plugin-server\#PreviewsMacros -load-resolved-plugin /Applications/Xcode.app/Contents/Developer/Platforms/iPhoneOS.platform/Developer/usr/lib/swift/host/plugins/libSwiftMacros.dylib\#/Applications/Xcode.app/Contents/Developer/Platforms/iPhoneOS.platform/Developer/usr/bin/swift-plugin-server\#SwiftMacros -load-resolved-plugin /Applications/Xcode.app/Contents/Developer/Platforms/iPhoneOS.platform/Developer/usr/lib/swift/host/plugins/libSwiftUIMacros.dylib\#/Applications/Xcode.app/Contents/Developer/Platforms/iPhoneOS.platform/Developer/usr/bin/swift-plugin-server\#SwiftUIMacros -disable-implicit-swift-modules -Xcc -fno-implicit-modules -Xcc -fno-implicit-module-maps -explicit-swift-module-map-file /Users/conan/Library/Developer/Xcode/DerivedData/NewsReader-gutbtfqpsskqtnfpyixkllbkflpf/Build/Intermediates.noindex/NewsReader.build/Debug-iphonesimulator/NewsReader.build/Objects-normal/arm64/NewsReader-dependencies-1.json -Xllvm -aarch64-use-tbi -enable-objc-interop -sdk /Applications/Xcode.app/Contents/Developer/Platforms/iPhoneSimulator.platform/Developer/SDKs/iPhoneSimulator26.2.sdk -I /Users/conan/Library/Developer/Xcode/DerivedData/NewsReader-gutbtfqpsskqtnfpyixkllbkflpf/Build/Products/Debug-iphonesimulator -F /Users/conan/Library/Developer/Xcode/DerivedData/NewsReader-gutbtfqpsskqtnfpyixkllbkflpf/Build/Products/Debug-iphonesimulator -no-color-diagnostics -Xcc -fno-color-diagnostics -enable-testing -g -debug-info-format\=dwarf -dwarf-version\=5 -module-cache-path /Users/conan/Library/Developer/Xcode/DerivedData/NewsReader-gutbtfqpsskqtnfpyixkllbkflpf/Build/Intermediates.noindex/SwiftExplicitPrecompiledModules -swift-version 6 -enforce-exclusivity\=checked -Onone -serialize-debugging-options -const-gather-protocols-file /Users/conan/Library/Developer/Xcode/DerivedData/NewsReader-gutbtfqpsskqtnfpyixkllbkflpf/Build/Intermediates.noindex/NewsReader.build/Debug-iphonesimulator/NewsReader.build/Objects-normal/arm64/NewsReader_const_extract_protocols.json -enable-experimental-feature DebugDescriptionMacro -empty-abi-descriptor -validate-clang-modules-once -clang-build-session-file /Users/conan/Library/Developer/Xcode/DerivedData/ModuleCache.noindex/Session.modulevalidation -Xcc -working-directory -Xcc /Users/conan/Documents/SourceCode/Projects/NewsReader -enable-anonymous-context-mangled-names -file-compilation-dir /Users/conan/Documents/SourceCode/Projects/NewsReader -Xcc -D_LIBCPP_HARDENING_MODE\=_LIBCPP_HARDENING_MODE_DEBUG -Xcc -ivfsstatcache -Xcc /Users/conan/Library/Developer/Xcode/DerivedData/SDKStatCaches.noindex/iphonesimulator26.2-23C53-7d00a8b37fbd7999ea79df8ebc024bf0.sdkstatcache -Xcc -I/Users/conan/Library/Developer/Xcode/DerivedData/NewsReader-gutbtfqpsskqtnfpyixkllbkflpf/Build/Intermediates.noindex/NewsReader.build/Debug-iphonesimulator/NewsReader.build/swift-overrides.hmap -Xcc -iquote -Xcc /Users/conan/Library/Developer/Xcode/DerivedData/NewsReader-gutbtfqpsskqtnfpyixkllbkflpf/Build/Intermediates.noindex/NewsReader.build/Debug-iphonesimulator/NewsReader.build/NewsReader-generated-files.hmap -Xcc -I/Users/conan/Library/Developer/Xcode/DerivedData/NewsReader-gutbtfqpsskqtnfpyixkllbkflpf/Build/Intermediates.noindex/NewsReader.build/Debug-iphonesimulator/NewsReader.build/NewsReader-own-target-headers.hmap -Xcc -I/Users/conan/Library/Developer/Xcode/DerivedData/NewsReader-gutbtfqpsskqtnfpyixkllbkflpf/Build/Intermediates.noindex/NewsReader.build/Debug-iphonesimulator/NewsReader.build/NewsReader-all-target-headers.hmap -Xcc -iquote -Xcc /Users/conan/Library/Developer/Xcode/DerivedData/NewsReader-gutbtfqpsskqtnfpyixkllbkflpf/Build/Intermediates.noindex/NewsReader.build/Debug-iphonesimulator/NewsReader.build/NewsReader-project-headers.hmap -Xcc -I/Users/conan/Library/Developer/Xcode/DerivedData/NewsReader-gutbtfqpsskqtnfpyixkllbkflpf/Build/Products/Debug-iphonesimulator/include -Xcc -I/Users/conan/Library/Developer/Xcode/DerivedData/NewsReader-gutbtfqpsskqtnfpyixkllbkflpf/Build/Intermediates.noindex/NewsReader.build/Debug-iphonesimulator/NewsReader.build/DerivedSources-normal/arm64 -Xcc -I/Users/conan/Library/Developer/Xcode/DerivedData/NewsReader-gutbtfqpsskqtnfpyixkllbkflpf/Build/Intermediates.noindex/NewsReader.build/Debug-iphonesimulator/NewsReader.build/DerivedSources/arm64 -Xcc -I/Users/conan/Library/Developer/Xcode/DerivedData/NewsReader-gutbtfqpsskqtnfpyixkllbkflpf/Build/Intermediates.noindex/NewsReader.build/Debug-iphonesimulator/NewsReader.build/DerivedSources -no-auto-bridging-header-chaining -module-name NewsReader -frontend-parseable-output -disable-clang-spi -target-sdk-version 26.2 -target-sdk-name iphonesimulator26.2 -clang-target arm64-apple-ios26.2-simulator -in-process-plugin-server-path /Applications/Xcode.app/Contents/Developer/Toolchains/XcodeDefault.xctoolchain/usr/lib/swift/host/libSwiftInProcPluginServer.dylib -o /Users/conan/Library/Developer/Xcode/DerivedData/NewsReader-gutbtfqpsskqtnfpyixkllbkflpf/Build/Intermediates.noindex/NewsReader.build/Debug-iphonesimulator/NewsReader.build/Objects-normal/arm64/ListViewController.o -index-unit-output-path /NewsReader.build/Debug-iphonesimulator/NewsReader.build/Objects-normal/arm64/ListViewController.o -index-store-path /Users/conan/Library/Developer/Xcode/DerivedData/NewsReader-gutbtfqpsskqtnfpyixkllbkflpf/Index.noindex/DataStore -index-system-modules

SwiftCompile normal arm64 /Users/conan/Documents/SourceCode/Projects/NewsReader/NewsReader/ListViewController.swift (in target 'NewsReader' from project 'NewsReader')
    cd /Users/conan/Documents/SourceCode/Projects/NewsReader
    
/Users/conan/Documents/SourceCode/Projects/NewsReader/NewsReader/ListViewController.swift:55:33: warning: 'didChangeStatusBarOrientationNotification' was deprecated in iOS 13.0: Use viewWillTransitionToSize:withTransitionCoordinator: instead.
            name: UIApplication.didChangeStatusBarOrientationNotification,
                                ^
/Users/conan/Documents/SourceCode/Projects/NewsReader/NewsReader/ListViewController.swift:87:34: error: extraneous argument label 'index:' in call
        listCell.showListItemInfo(index: indexPath.row)
                                 ^~~~~~~~
                                  
/Users/conan/Documents/SourceCode/Projects/NewsReader/NewsReader/ListViewController.swift:90:22: error: value of type 'ListTableViewCell' has no member 'titleLabel'
            listCell.titleLabel.textColor = .gray
            ~~~~~~~~ ^~~~~~~~~~
/Users/conan/Documents/SourceCode/Projects/NewsReader/NewsReader/ListViewController.swift:90:46: error: cannot infer contextual base in reference to member 'gray'
            listCell.titleLabel.textColor = .gray
                                            ~^~~~
/Users/conan/Documents/SourceCode/Projects/NewsReader/NewsReader/ListViewController.swift:92:22: error: value of type 'ListTableViewCell' has no member 'titleLabel'
            listCell.titleLabel.textColor = .black
            ~~~~~~~~ ^~~~~~~~~~
/Users/conan/Documents/SourceCode/Projects/NewsReader/NewsReader/ListViewController.swift:92:46: error: cannot infer contextual base in reference to member 'black'
            listCell.titleLabel.textColor = .black
                                            ~^~~~~
/Users/conan/Documents/SourceCode/Projects/NewsReader/NewsReader/ListViewController.swift:144:38: warning: main actor-isolated var 'last' can not be referenced from a nonisolated context
            manager.updateData(news: last.news, mode: DataRequestMode.latestItems)
                                     ^
/Users/conan/Documents/SourceCode/Projects/NewsReader/NewsReader/ListViewController.swift:12:24: note: var declared here
@MainActor private var last = (offset: CGPoint(x: 0, y: 0), ch: 0, news: NewsType.wenxuecity)
                       ^
/Users/conan/Documents/SourceCode/Projects/NewsReader/NewsReader/ListViewController.swift:149:18: warning: call to main actor-isolated instance method 'updateImg(index:)' in a synchronous nonisolated context
            self.updateImg(index: -1)
                 ^
/Users/conan/Documents/SourceCode/Projects/NewsReader/NewsReader/ListViewController.swift:122:18: note: calls to instance method 'updateImg(index:)' from outside of its actor context are implicitly asynchronous
    private func updateImg(index: Int) {
                 ^
/Users/conan/Documents/SourceCode/Projects/NewsReader/NewsReader/ListViewController.swift:122:18: note: main actor isolation inferred from inheritance from class 'UIViewController'
    private func updateImg(index: Int) {
                 ^
/Users/conan/Documents/SourceCode/Projects/NewsReader/NewsReader/ListViewController.swift:163:42: warning: main actor-isolated var 'last' can not be referenced from a nonisolated context
                manager.updateData(news: last.news, mode: DataRequestMode.moreItems)
                                         ^
/Users/conan/Documents/SourceCode/Projects/NewsReader/NewsReader/ListViewController.swift:12:24: note: var declared here
@MainActor private var last = (offset: CGPoint(x: 0, y: 0), ch: 0, news: NewsType.wenxuecity)
                       ^
/Users/conan/Documents/SourceCode/Projects/NewsReader/NewsReader/ListViewController.swift:165:22: warning: call to main actor-isolated instance method 'updateImg(index:)' in a synchronous nonisolated context
                self.updateImg(index: -1)
                     ^
/Users/conan/Documents/SourceCode/Projects/NewsReader/NewsReader/ListViewController.swift:122:18: note: calls to instance method 'updateImg(index:)' from outside of its actor context are implicitly asynchronous
    private func updateImg(index: Int) {
                 ^
/Users/conan/Documents/SourceCode/Projects/NewsReader/NewsReader/ListViewController.swift:122:18: note: main actor isolation inferred from inheritance from class 'UIViewController'
    private func updateImg(index: Int) {
                 ^

** BUILD FAILED **


The following build commands failed:
	SwiftCompile normal x86_64 Compiling\ ListViewController.swift /Users/conan/Documents/SourceCode/Projects/NewsReader/NewsReader/ListViewController.swift (in target 'NewsReader' from project 'NewsReader')
	SwiftCompile normal x86_64 /Users/conan/Documents/SourceCode/Projects/NewsReader/NewsReader/ListViewController.swift (in target 'NewsReader' from project 'NewsReader')
	SwiftCompile normal arm64 Compiling\ ListViewController.swift /Users/conan/Documents/SourceCode/Projects/NewsReader/NewsReader/ListViewController.swift (in target 'NewsReader' from project 'NewsReader')
	SwiftCompile normal arm64 /Users/conan/Documents/SourceCode/Projects/NewsReader/NewsReader/ListViewController.swift (in target 'NewsReader' from project 'NewsReader')
	Building project NewsReader with scheme NewsReader
(5 failures)
